/ghi/fs02/ilc/users/yokugawa/preset_N_run/l5/electron_muon/QQbarProcessor_out/IsoLepTagged.eL.pR_electron_muon_QQbar_Chi15_Method567.root
/ghi/fs02/ilc/users/yokugawa/preset_N_run/l5/electron_muon/QQbarProcessor_out/IsoLepTagged.eL.pR_electron_muon_QQbar_Chi15_MethodAll.root
/ghi/fs02/ilc/users/yokugawa/preset_N_run/l5/electron_muon/QQbarProcessor_out/IsoLepTagged.eL.pR_electron_muon_QQbar_Chi15_NoMethod.root
/ghi/fs02/ilc/users/yokugawa/preset_N_run/l5/electron_muon/QQbarProcessor_out/IsoLepTagged.eL.pR_electron_muon_QQbar_NoChi_NoMethod.root
/ghi/fs02/ilc/users/yokugawa/preset_N_run/l5/electron_muon/QQbarProcessor_out/IsoLepTagged.eL.pR_electron_muon_QQbar.root
/ghi/fs02/ilc/users/yokugawa/preset_N_run/l5/electron_muon/QQbarProcessor_out/IsoLepTagged.eL.pR_electron_muon_QQbar_MethodAll_082119.root
/ghi/fs02/ilc/users/yokugawa/preset_N_run/l5/electron_muon/QQbarProcessor_out/IsoLepTagged.eL.pR_electron_muon_QQbar2.root
/ghi/fs02/ilc/users/yokugawa/preset_N_run/l5/electron_muon/QQbarProcessor_out/IsoLepTagged.eL.pR_electron_muon_QQbar3.root
