/ghi/fs02/ilc/users/yokugawa/preset_N_run/l5/electron_muon/TrashRecoProcessor_out/before_vtx_recovery/IsoLepTagged.eL.pR_electron_muon_TRP_before_Chi15_NoMethod.root
/ghi/fs02/ilc/users/yokugawa/preset_N_run/l5/electron_muon/TrashRecoProcessor_out/before_vtx_recovery/IsoLepTagged.eL.pR_electron_muon_TRP_before3.root
/ghi/fs02/ilc/users/yokugawa/preset_N_run/l5/electron_muon/TrashRecoProcessor_out/before_vtx_recovery/IsoLepTagged.eL.pR_electron_muon_TRP_before2.root
/ghi/fs02/ilc/users/yokugawa/preset_N_run/l5/electron_muon/TrashRecoProcessor_out/before_vtx_recovery/IsoLepTagged.eL.pR_electron_muon_TRP_before_NoChi_NoMethod.root
/ghi/fs02/ilc/users/yokugawa/preset_N_run/l5/electron_muon/TrashRecoProcessor_out/before_vtx_recovery/IsoLepTagged.eL.pR_electron_muon_TRP_before.root
/ghi/fs02/ilc/users/yokugawa/preset_N_run/l5/electron_muon/TrashRecoProcessor_out/after_vtx_recovery/IsoLepTagged.eL.pR_electron_muon_TRP_after_Chi15_NoMethod.root
/ghi/fs02/ilc/users/yokugawa/preset_N_run/l5/electron_muon/TrashRecoProcessor_out/after_vtx_recovery/IsoLepTagged.eL.pR_electron_muon_TRP_after.root
/ghi/fs02/ilc/users/yokugawa/preset_N_run/l5/electron_muon/TrashRecoProcessor_out/after_vtx_recovery/IsoLepTagged.eL.pR_electron_muon_TRP_after3.root
/ghi/fs02/ilc/users/yokugawa/preset_N_run/l5/electron_muon/TrashRecoProcessor_out/after_vtx_recovery/IsoLepTagged.eL.pR_electron_muon_TRP_after_NoChi_NoMethod.root
/ghi/fs02/ilc/users/yokugawa/preset_N_run/l5/electron_muon/TrashRecoProcessor_out/after_vtx_recovery/IsoLepTagged.eL.pR_electron_muon_TRP_after2.root
/ghi/fs02/ilc/users/yokugawa/preset_N_run/l5/electron_muon/truth_vertex_finder_out/IsoLepTagged.eL.pR_electron_muon_TVF3.root
/ghi/fs02/ilc/users/yokugawa/preset_N_run/l5/electron_muon/truth_vertex_finder_out/IsoLepTagged.eL.pR_electron_muon_TVF2.root
/ghi/fs02/ilc/users/yokugawa/preset_N_run/l5/electron_muon/truth_vertex_finder_out/IsoLepTagged.eL.pR_electron_muon_TVF.root
/ghi/fs02/ilc/users/yokugawa/preset_N_run/l5/electron_muon/truth_vertex_finder_out/IsoLepTagged.eL.pR_electron_muon_TVF_Chi15_NoMethod.root
/ghi/fs02/ilc/users/yokugawa/preset_N_run/l5/electron_muon/truth_vertex_finder_out/IsoLepTagged.eL.pR_electron_muon_TVF_NoChi_NoMethod.root
