/ghi/fs02/ilc/users/vlohezic/preset_N_run/l5/electron+muon/QQbarProcessor_out/root_merge/chi2default/IsoLepTagged.eL.pR_electron+muon_QQbar.root
/ghi/fs02/ilc/users/vlohezic/preset_N_run/l5/electron+muon/QQbarProcessor_out/root_merge/chi2default/IsoLepTagged.eR.pL_electron+muon_QQbar.root
/ghi/fs02/ilc/users/vlohezic/preset_N_run/l5/electron+muon/QQbarProcessor_out/root_merge/IsoLepTagged.eL.pR_electron+muon_QQbar_allchi2inf15.root
/ghi/fs02/ilc/users/vlohezic/preset_N_run/l5/electron+muon/QQbarProcessor_out/root_merge/IsoLepTagged.eR.pL_electron+muon_QQbar_123457chi2inf15.root
/ghi/fs02/ilc/users/vlohezic/preset_N_run/l5/electron+muon/QQbarProcessor_out/root_merge/IsoLepTagged.eR.pL_electron+muon_QQbar_12347chi2inf15.root
/ghi/fs02/ilc/users/vlohezic/preset_N_run/l5/electron+muon/QQbarProcessor_out/root_merge/IsoLepTagged.eR.pL_electron+muon_QQbar_1237chi2inf15.root
/ghi/fs02/ilc/users/vlohezic/preset_N_run/l5/electron+muon/QQbarProcessor_out/root_merge/IsoLepTagged.eR.pL_electron+muon_QQbar_127chi2inf15.root
/ghi/fs02/ilc/users/vlohezic/preset_N_run/l5/electron+muon/QQbarProcessor_out/root_merge/IsoLepTagged.eR.pL_electron+muon_QQbar_17chi2inf15.root
/ghi/fs02/ilc/users/vlohezic/preset_N_run/l5/electron+muon/QQbarProcessor_out/root_merge/IsoLepTagged.eR.pL_electron+muon_QQbar_7chi2inf15.root
/ghi/fs02/ilc/users/vlohezic/preset_N_run/l5/electron+muon/QQbarProcessor_out/root_merge/IsoLepTagged.eR.pL_electron+muon_QQbar_7nochi2.root
/ghi/fs02/ilc/users/vlohezic/preset_N_run/l5/electron+muon/QQbarProcessor_out/root_merge/IsoLepTagged.eR.pL_electron+muon_QQbar_allchi2inf15.root
/ghi/fs02/ilc/users/vlohezic/preset_N_run/l5/electron+muon/QQbarProcessor_out/root_merge/IsoLepTagged.eR.pL_electron+muon_QQbar_allnochi2.root
/ghi/fs02/ilc/users/vlohezic/preset_N_run/l5/electron+muon/QQbarProcessor_out/root_merge/IsoLepTagged.eR.pL_electron+muon_QQbar.root
/ghi/fs02/ilc/users/vlohezic/preset_N_run/s5/electron+muon/QQbarProcessor_out/root_merge/chi2default/IsoLepTagged.eL.pR_electron+muon_QQbar.root
/ghi/fs02/ilc/users/vlohezic/preset_N_run/s5/electron+muon/QQbarProcessor_out/root_merge/chi2default/IsoLepTagged.eR.pL_electron+muon_QQbar.root
/ghi/fs02/ilc/users/vlohezic/preset_N_run/s5/electron+muon/QQbarProcessor_out/root_merge/IsoLepTagged.eR.pL_electron+muon_QQbar_123457chi2inf15.root
/ghi/fs02/ilc/users/vlohezic/preset_N_run/s5/electron+muon/QQbarProcessor_out/root_merge/IsoLepTagged.eR.pL_electron+muon_QQbar_12347chi2inf15.root
/ghi/fs02/ilc/users/vlohezic/preset_N_run/s5/electron+muon/QQbarProcessor_out/root_merge/IsoLepTagged.eR.pL_electron+muon_QQbar_1237chi2inf15.root
/ghi/fs02/ilc/users/vlohezic/preset_N_run/s5/electron+muon/QQbarProcessor_out/root_merge/IsoLepTagged.eR.pL_electron+muon_QQbar_127chi2inf15.root
/ghi/fs02/ilc/users/vlohezic/preset_N_run/s5/electron+muon/QQbarProcessor_out/root_merge/IsoLepTagged.eR.pL_electron+muon_QQbar_17chi2inf15.root
/ghi/fs02/ilc/users/vlohezic/preset_N_run/s5/electron+muon/QQbarProcessor_out/root_merge/IsoLepTagged.eR.pL_electron+muon_QQbar_7chi2inf15.root
/ghi/fs02/ilc/users/vlohezic/preset_N_run/s5/electron+muon/QQbarProcessor_out/root_merge/IsoLepTagged.eR.pL_electron+muon_QQbar_7nochi2.root
/ghi/fs02/ilc/users/vlohezic/preset_N_run/s5/electron+muon/QQbarProcessor_out/root_merge/IsoLepTagged.eR.pL_electron+muon_QQbar_allchi2inf15.root
/ghi/fs02/ilc/users/vlohezic/preset_N_run/s5/electron+muon/QQbarProcessor_out/root_merge/IsoLepTagged.eR.pL_electron+muon_QQbar_allnochi2.root
/ghi/fs02/ilc/users/vlohezic/preset_N_run/s5/electron+muon/QQbarProcessor_out/root_merge/IsoLepTagged.eR.pL_electron+muon_QQbar.root
